2025-07-12 15:18:43:1843 [31merror[39m: [31muncaughtException: Router.use() requires a middleware function but got a Object[39m
[31mTypeError: Router.use() requires a middleware function but got a Object[39m
[31m    at Function.use (/Users/soham/Desktop/Loqal/backend/node/notification-service/node_modules/express/lib/router/index.js:469:13)[39m
[31m    at Function.<anonymous> (/Users/soham/Desktop/Loqal/backend/node/notification-service/node_modules/express/lib/application.js:227:21)[39m
[31m    at Array.forEach (<anonymous>)[39m
[31m    at Function.use (/Users/soham/Desktop/Loqal/backend/node/notification-service/node_modules/express/lib/application.js:224:7)[39m
[31m    at Object.<anonymous> (/Users/soham/Desktop/Loqal/backend/node/notification-service/src/app.js:35:5)[39m
[31m    at Module._compile (node:internal/modules/cjs/loader:1469:14)[39m
[31m    at Module._extensions..js (node:internal/modules/cjs/loader:1548:10)[39m
[31m    at Module.load (node:internal/modules/cjs/loader:1288:32)[39m
[31m    at Module._load (node:internal/modules/cjs/loader:1104:12)[39m
[31m    at Module.require (node:internal/modules/cjs/loader:1311:19)[39m
2025-07-12 15:19:01:191 [31merror[39m: [31muncaughtException: Router.use() requires a middleware function but got a Object[39m
[31mTypeError: Router.use() requires a middleware function but got a Object[39m
[31m    at Function.use (/Users/soham/Desktop/Loqal/backend/node/notification-service/node_modules/express/lib/router/index.js:469:13)[39m
[31m    at Function.<anonymous> (/Users/soham/Desktop/Loqal/backend/node/notification-service/node_modules/express/lib/application.js:227:21)[39m
[31m    at Array.forEach (<anonymous>)[39m
[31m    at Function.use (/Users/soham/Desktop/Loqal/backend/node/notification-service/node_modules/express/lib/application.js:224:7)[39m
[31m    at Object.<anonymous> (/Users/soham/Desktop/Loqal/backend/node/notification-service/src/app.js:35:5)[39m
[31m    at Module._compile (node:internal/modules/cjs/loader:1469:14)[39m
[31m    at Module._extensions..js (node:internal/modules/cjs/loader:1548:10)[39m
[31m    at Module.load (node:internal/modules/cjs/loader:1288:32)[39m
[31m    at Module._load (node:internal/modules/cjs/loader:1104:12)[39m
[31m    at Module.require (node:internal/modules/cjs/loader:1311:19)[39m
2025-07-12 15:19:51:1951 [31merror[39m: [31muncaughtException: Missing API key. Pass it to the constructor `new Resend("re_123")`[39m
[31mError: Missing API key. Pass it to the constructor `new Resend("re_123")`[39m
[31m    at new Resend (/Users/soham/Desktop/Loqal/backend/node/notification-service/node_modules/resend/dist/index.js:339:15)[39m
[31m    at Object.<anonymous> (/Users/soham/Desktop/Loqal/backend/node/notification-service/src/providers/emailProvider.js:4:16)[39m
[31m    at Module._compile (node:internal/modules/cjs/loader:1469:14)[39m
[31m    at Module._extensions..js (node:internal/modules/cjs/loader:1548:10)[39m
[31m    at Module.load (node:internal/modules/cjs/loader:1288:32)[39m
[31m    at Module._load (node:internal/modules/cjs/loader:1104:12)[39m
[31m    at Module.require (node:internal/modules/cjs/loader:1311:19)[39m
[31m    at require (node:internal/modules/helpers:179:18)[39m
[31m    at Object.<anonymous> (/Users/soham/Desktop/Loqal/backend/node/notification-service/src/queues/emailWorker.js:3:23)[39m
[31m    at Module._compile (node:internal/modules/cjs/loader:1469:14)[39m
2025-07-12 15:24:53:2453 [31merror[39m: [31muncaughtException: Router.use() requires a middleware function but got a Object[39m
[31mTypeError: Router.use() requires a middleware function but got a Object[39m
[31m    at Function.use (/Users/soham/Desktop/Loqal/backend/node/notification-service/node_modules/express/lib/router/index.js:469:13)[39m
[31m    at Function.<anonymous> (/Users/soham/Desktop/Loqal/backend/node/notification-service/node_modules/express/lib/application.js:227:21)[39m
[31m    at Array.forEach (<anonymous>)[39m
[31m    at Function.use (/Users/soham/Desktop/Loqal/backend/node/notification-service/node_modules/express/lib/application.js:224:7)[39m
[31m    at Object.<anonymous> (/Users/soham/Desktop/Loqal/backend/node/notification-service/src/app.js:35:5)[39m
[31m    at Module._compile (node:internal/modules/cjs/loader:1469:14)[39m
[31m    at Module._extensions..js (node:internal/modules/cjs/loader:1548:10)[39m
[31m    at Module.load (node:internal/modules/cjs/loader:1288:32)[39m
[31m    at Module._load (node:internal/modules/cjs/loader:1104:12)[39m
[31m    at Module.require (node:internal/modules/cjs/loader:1311:19)[39m
2025-07-12 15:25:24:2524 [31merror[39m: [31muncaughtException: Router.use() requires a middleware function but got a Object[39m
[31mTypeError: Router.use() requires a middleware function but got a Object[39m
[31m    at Function.use (/Users/soham/Desktop/Loqal/backend/node/notification-service/node_modules/express/lib/router/index.js:469:13)[39m
[31m    at Function.<anonymous> (/Users/soham/Desktop/Loqal/backend/node/notification-service/node_modules/express/lib/application.js:227:21)[39m
[31m    at Array.forEach (<anonymous>)[39m
[31m    at Function.use (/Users/soham/Desktop/Loqal/backend/node/notification-service/node_modules/express/lib/application.js:224:7)[39m
[31m    at Object.<anonymous> (/Users/soham/Desktop/Loqal/backend/node/notification-service/src/app.js:35:5)[39m
[31m    at Module._compile (node:internal/modules/cjs/loader:1469:14)[39m
[31m    at Module._extensions..js (node:internal/modules/cjs/loader:1548:10)[39m
[31m    at Module.load (node:internal/modules/cjs/loader:1288:32)[39m
[31m    at Module._load (node:internal/modules/cjs/loader:1104:12)[39m
[31m    at Module.require (node:internal/modules/cjs/loader:1311:19)[39m
2025-07-12 15:28:10:2810 [31merror[39m: [31muncaughtException: Router.use() requires a middleware function but got a Object[39m
[31mTypeError: Router.use() requires a middleware function but got a Object[39m
[31m    at Function.use (/Users/soham/Desktop/Loqal/backend/node/notification-service/node_modules/express/lib/router/index.js:469:13)[39m
[31m    at Function.<anonymous> (/Users/soham/Desktop/Loqal/backend/node/notification-service/node_modules/express/lib/application.js:227:21)[39m
[31m    at Array.forEach (<anonymous>)[39m
[31m    at Function.use (/Users/soham/Desktop/Loqal/backend/node/notification-service/node_modules/express/lib/application.js:224:7)[39m
[31m    at Object.<anonymous> (/Users/soham/Desktop/Loqal/backend/node/notification-service/src/app.js:35:5)[39m
[31m    at Module._compile (node:internal/modules/cjs/loader:1469:14)[39m
[31m    at Module._extensions..js (node:internal/modules/cjs/loader:1548:10)[39m
[31m    at Module.load (node:internal/modules/cjs/loader:1288:32)[39m
[31m    at Module._load (node:internal/modules/cjs/loader:1104:12)[39m
[31m    at Module.require (node:internal/modules/cjs/loader:1311:19)[39m
2025-07-12 15:28:20:2820 [31merror[39m: [31muncaughtException: Router.use() requires a middleware function but got a Object[39m
[31mTypeError: Router.use() requires a middleware function but got a Object[39m
[31m    at Function.use (/Users/soham/Desktop/Loqal/backend/node/notification-service/node_modules/express/lib/router/index.js:469:13)[39m
[31m    at Function.<anonymous> (/Users/soham/Desktop/Loqal/backend/node/notification-service/node_modules/express/lib/application.js:227:21)[39m
[31m    at Array.forEach (<anonymous>)[39m
[31m    at Function.use (/Users/soham/Desktop/Loqal/backend/node/notification-service/node_modules/express/lib/application.js:224:7)[39m
[31m    at Object.<anonymous> (/Users/soham/Desktop/Loqal/backend/node/notification-service/src/app.js:35:5)[39m
[31m    at Module._compile (node:internal/modules/cjs/loader:1469:14)[39m
[31m    at Module._extensions..js (node:internal/modules/cjs/loader:1548:10)[39m
[31m    at Module.load (node:internal/modules/cjs/loader:1288:32)[39m
[31m    at Module._load (node:internal/modules/cjs/loader:1104:12)[39m
[31m    at Module.require (node:internal/modules/cjs/loader:1311:19)[39m
2025-07-12 15:28:33:2833 [31merror[39m: [31muncaughtException: Router.use() requires a middleware function but got a Object[39m
[31mTypeError: Router.use() requires a middleware function but got a Object[39m
[31m    at Function.use (/Users/soham/Desktop/Loqal/backend/node/notification-service/node_modules/express/lib/router/index.js:469:13)[39m
[31m    at Function.<anonymous> (/Users/soham/Desktop/Loqal/backend/node/notification-service/node_modules/express/lib/application.js:227:21)[39m
[31m    at Array.forEach (<anonymous>)[39m
[31m    at Function.use (/Users/soham/Desktop/Loqal/backend/node/notification-service/node_modules/express/lib/application.js:224:7)[39m
[31m    at Object.<anonymous> (/Users/soham/Desktop/Loqal/backend/node/notification-service/src/app.js:35:5)[39m
[31m    at Module._compile (node:internal/modules/cjs/loader:1469:14)[39m
[31m    at Module._extensions..js (node:internal/modules/cjs/loader:1548:10)[39m
[31m    at Module.load (node:internal/modules/cjs/loader:1288:32)[39m
[31m    at Module._load (node:internal/modules/cjs/loader:1104:12)[39m
[31m    at Module.require (node:internal/modules/cjs/loader:1311:19)[39m
2025-07-12 15:29:27:2927 [31merror[39m: [31muncaughtException: Router.use() requires a middleware function but got a Object[39m
[31mTypeError: Router.use() requires a middleware function but got a Object[39m
[31m    at Function.use (/Users/soham/Desktop/Loqal/backend/node/notification-service/node_modules/express/lib/router/index.js:469:13)[39m
[31m    at Function.<anonymous> (/Users/soham/Desktop/Loqal/backend/node/notification-service/node_modules/express/lib/application.js:227:21)[39m
[31m    at Array.forEach (<anonymous>)[39m
[31m    at Function.use (/Users/soham/Desktop/Loqal/backend/node/notification-service/node_modules/express/lib/application.js:224:7)[39m
[31m    at Object.<anonymous> (/Users/soham/Desktop/Loqal/backend/node/notification-service/src/app.js:35:5)[39m
[31m    at Module._compile (node:internal/modules/cjs/loader:1469:14)[39m
[31m    at Module._extensions..js (node:internal/modules/cjs/loader:1548:10)[39m
[31m    at Module.load (node:internal/modules/cjs/loader:1288:32)[39m
[31m    at Module._load (node:internal/modules/cjs/loader:1104:12)[39m
[31m    at Module.require (node:internal/modules/cjs/loader:1311:19)[39m
2025-07-12 15:31:50:3150 [31merror[39m: [31muncaughtException: Router.use() requires a middleware function but got a Object[39m
[31mTypeError: Router.use() requires a middleware function but got a Object[39m
[31m    at Function.use (/Users/soham/Desktop/Loqal/backend/node/notification-service/node_modules/express/lib/router/index.js:469:13)[39m
[31m    at Function.<anonymous> (/Users/soham/Desktop/Loqal/backend/node/notification-service/node_modules/express/lib/application.js:227:21)[39m
[31m    at Array.forEach (<anonymous>)[39m
[31m    at Function.use (/Users/soham/Desktop/Loqal/backend/node/notification-service/node_modules/express/lib/application.js:224:7)[39m
[31m    at Object.<anonymous> (/Users/soham/Desktop/Loqal/backend/node/notification-service/src/app.js:35:5)[39m
[31m    at Module._compile (node:internal/modules/cjs/loader:1469:14)[39m
[31m    at Module._extensions..js (node:internal/modules/cjs/loader:1548:10)[39m
[31m    at Module.load (node:internal/modules/cjs/loader:1288:32)[39m
[31m    at Module._load (node:internal/modules/cjs/loader:1104:12)[39m
[31m    at Module.require (node:internal/modules/cjs/loader:1311:19)[39m
2025-07-12 15:36:34:3634 [31merror[39m: [31muncaughtException: Router.use() requires a middleware function but got a Object[39m
[31mTypeError: Router.use() requires a middleware function but got a Object[39m
[31m    at Function.use (/Users/soham/Desktop/Loqal/backend/node/notification-service/node_modules/express/lib/router/index.js:469:13)[39m
[31m    at Function.<anonymous> (/Users/soham/Desktop/Loqal/backend/node/notification-service/node_modules/express/lib/application.js:227:21)[39m
[31m    at Array.forEach (<anonymous>)[39m
[31m    at Function.use (/Users/soham/Desktop/Loqal/backend/node/notification-service/node_modules/express/lib/application.js:224:7)[39m
[31m    at Object.<anonymous> (/Users/soham/Desktop/Loqal/backend/node/notification-service/src/app.js:35:5)[39m
[31m    at Module._compile (node:internal/modules/cjs/loader:1469:14)[39m
[31m    at Module._extensions..js (node:internal/modules/cjs/loader:1548:10)[39m
[31m    at Module.load (node:internal/modules/cjs/loader:1288:32)[39m
[31m    at Module._load (node:internal/modules/cjs/loader:1104:12)[39m
[31m    at Module.require (node:internal/modules/cjs/loader:1311:19)[39m
2025-07-12 15:37:17:3717 [31merror[39m: [31muncaughtException: Router.use() requires a middleware function but got a Object[39m
[31mTypeError: Router.use() requires a middleware function but got a Object[39m
[31m    at Function.use (/Users/soham/Desktop/Loqal/backend/node/notification-service/node_modules/express/lib/router/index.js:469:13)[39m
[31m    at Function.<anonymous> (/Users/soham/Desktop/Loqal/backend/node/notification-service/node_modules/express/lib/application.js:227:21)[39m
[31m    at Array.forEach (<anonymous>)[39m
[31m    at Function.use (/Users/soham/Desktop/Loqal/backend/node/notification-service/node_modules/express/lib/application.js:224:7)[39m
[31m    at Object.<anonymous> (/Users/soham/Desktop/Loqal/backend/node/notification-service/src/app.js:35:5)[39m
[31m    at Module._compile (node:internal/modules/cjs/loader:1469:14)[39m
[31m    at Module._extensions..js (node:internal/modules/cjs/loader:1548:10)[39m
[31m    at Module.load (node:internal/modules/cjs/loader:1288:32)[39m
[31m    at Module._load (node:internal/modules/cjs/loader:1104:12)[39m
[31m    at Module.require (node:internal/modules/cjs/loader:1311:19)[39m
2025-07-12 15:37:29:3729 [31merror[39m: [31muncaughtException: Router.use() requires a middleware function but got a Object[39m
[31mTypeError: Router.use() requires a middleware function but got a Object[39m
[31m    at Function.use (/Users/soham/Desktop/Loqal/backend/node/notification-service/node_modules/express/lib/router/index.js:469:13)[39m
[31m    at Function.<anonymous> (/Users/soham/Desktop/Loqal/backend/node/notification-service/node_modules/express/lib/application.js:227:21)[39m
[31m    at Array.forEach (<anonymous>)[39m
[31m    at Function.use (/Users/soham/Desktop/Loqal/backend/node/notification-service/node_modules/express/lib/application.js:224:7)[39m
[31m    at Object.<anonymous> (/Users/soham/Desktop/Loqal/backend/node/notification-service/src/app.js:35:5)[39m
[31m    at Module._compile (node:internal/modules/cjs/loader:1469:14)[39m
[31m    at Module._extensions..js (node:internal/modules/cjs/loader:1548:10)[39m
[31m    at Module.load (node:internal/modules/cjs/loader:1288:32)[39m
[31m    at Module._load (node:internal/modules/cjs/loader:1104:12)[39m
[31m    at Module.require (node:internal/modules/cjs/loader:1311:19)[39m
2025-07-12 15:38:55:3855 [31merror[39m: [31muncaughtException: Router.use() requires a middleware function but got a Object[39m
[31mTypeError: Router.use() requires a middleware function but got a Object[39m
[31m    at Function.use (/Users/soham/Desktop/Loqal/backend/node/notification-service/node_modules/express/lib/router/index.js:469:13)[39m
[31m    at Function.<anonymous> (/Users/soham/Desktop/Loqal/backend/node/notification-service/node_modules/express/lib/application.js:227:21)[39m
[31m    at Array.forEach (<anonymous>)[39m
[31m    at Function.use (/Users/soham/Desktop/Loqal/backend/node/notification-service/node_modules/express/lib/application.js:224:7)[39m
[31m    at Object.<anonymous> (/Users/soham/Desktop/Loqal/backend/node/notification-service/src/app.js:35:5)[39m
[31m    at Module._compile (node:internal/modules/cjs/loader:1469:14)[39m
[31m    at Module._extensions..js (node:internal/modules/cjs/loader:1548:10)[39m
[31m    at Module.load (node:internal/modules/cjs/loader:1288:32)[39m
[31m    at Module._load (node:internal/modules/cjs/loader:1104:12)[39m
[31m    at Module.require (node:internal/modules/cjs/loader:1311:19)[39m
2025-07-12 15:39:37:3937 [31merror[39m: [31muncaughtException: Router.use() requires a middleware function but got a Object[39m
[31mTypeError: Router.use() requires a middleware function but got a Object[39m
[31m    at Function.use (/Users/soham/Desktop/Loqal/backend/node/notification-service/node_modules/express/lib/router/index.js:469:13)[39m
[31m    at Function.<anonymous> (/Users/soham/Desktop/Loqal/backend/node/notification-service/node_modules/express/lib/application.js:227:21)[39m
[31m    at Array.forEach (<anonymous>)[39m
[31m    at Function.use (/Users/soham/Desktop/Loqal/backend/node/notification-service/node_modules/express/lib/application.js:224:7)[39m
[31m    at Object.<anonymous> (/Users/soham/Desktop/Loqal/backend/node/notification-service/src/app.js:35:5)[39m
[31m    at Module._compile (node:internal/modules/cjs/loader:1469:14)[39m
[31m    at Module._extensions..js (node:internal/modules/cjs/loader:1548:10)[39m
[31m    at Module.load (node:internal/modules/cjs/loader:1288:32)[39m
[31m    at Module._load (node:internal/modules/cjs/loader:1104:12)[39m
[31m    at Module.require (node:internal/modules/cjs/loader:1311:19)[39m
2025-07-12 15:40:03:403 [31merror[39m: [31muncaughtException: Router.use() requires a middleware function but got a Object[39m
[31mTypeError: Router.use() requires a middleware function but got a Object[39m
[31m    at Function.use (/Users/soham/Desktop/Loqal/backend/node/notification-service/node_modules/express/lib/router/index.js:469:13)[39m
[31m    at Function.<anonymous> (/Users/soham/Desktop/Loqal/backend/node/notification-service/node_modules/express/lib/application.js:227:21)[39m
[31m    at Array.forEach (<anonymous>)[39m
[31m    at Function.use (/Users/soham/Desktop/Loqal/backend/node/notification-service/node_modules/express/lib/application.js:224:7)[39m
[31m    at Object.<anonymous> (/Users/soham/Desktop/Loqal/backend/node/notification-service/src/app.js:35:5)[39m
[31m    at Module._compile (node:internal/modules/cjs/loader:1469:14)[39m
[31m    at Module._extensions..js (node:internal/modules/cjs/loader:1548:10)[39m
[31m    at Module.load (node:internal/modules/cjs/loader:1288:32)[39m
[31m    at Module._load (node:internal/modules/cjs/loader:1104:12)[39m
[31m    at Module.require (node:internal/modules/cjs/loader:1311:19)[39m
2025-07-12 15:41:13:4113 [31merror[39m: [31muncaughtException: Router.use() requires a middleware function but got a Object[39m
[31mTypeError: Router.use() requires a middleware function but got a Object[39m
[31m    at Function.use (/Users/soham/Desktop/Loqal/backend/node/notification-service/node_modules/express/lib/router/index.js:469:13)[39m
[31m    at Function.<anonymous> (/Users/soham/Desktop/Loqal/backend/node/notification-service/node_modules/express/lib/application.js:227:21)[39m
[31m    at Array.forEach (<anonymous>)[39m
[31m    at Function.use (/Users/soham/Desktop/Loqal/backend/node/notification-service/node_modules/express/lib/application.js:224:7)[39m
[31m    at Object.<anonymous> (/Users/soham/Desktop/Loqal/backend/node/notification-service/src/app.js:35:5)[39m
[31m    at Module._compile (node:internal/modules/cjs/loader:1469:14)[39m
[31m    at Module._extensions..js (node:internal/modules/cjs/loader:1548:10)[39m
[31m    at Module.load (node:internal/modules/cjs/loader:1288:32)[39m
[31m    at Module._load (node:internal/modules/cjs/loader:1104:12)[39m
[31m    at Module.require (node:internal/modules/cjs/loader:1311:19)[39m
2025-07-12 15:41:40:4140 [31merror[39m: [31muncaughtException: Router.use() requires a middleware function but got a Object[39m
[31mTypeError: Router.use() requires a middleware function but got a Object[39m
[31m    at Function.use (/Users/soham/Desktop/Loqal/backend/node/notification-service/node_modules/express/lib/router/index.js:469:13)[39m
[31m    at Function.<anonymous> (/Users/soham/Desktop/Loqal/backend/node/notification-service/node_modules/express/lib/application.js:227:21)[39m
[31m    at Array.forEach (<anonymous>)[39m
[31m    at Function.use (/Users/soham/Desktop/Loqal/backend/node/notification-service/node_modules/express/lib/application.js:224:7)[39m
[31m    at Object.<anonymous> (/Users/soham/Desktop/Loqal/backend/node/notification-service/src/app.js:35:5)[39m
[31m    at Module._compile (node:internal/modules/cjs/loader:1469:14)[39m
[31m    at Module._extensions..js (node:internal/modules/cjs/loader:1548:10)[39m
[31m    at Module.load (node:internal/modules/cjs/loader:1288:32)[39m
[31m    at Module._load (node:internal/modules/cjs/loader:1104:12)[39m
[31m    at Module.require (node:internal/modules/cjs/loader:1311:19)[39m
2025-07-12 15:41:54:4154 [31merror[39m: [31muncaughtException: Router.use() requires a middleware function but got a Object[39m
[31mTypeError: Router.use() requires a middleware function but got a Object[39m
[31m    at Function.use (/Users/soham/Desktop/Loqal/backend/node/notification-service/node_modules/express/lib/router/index.js:469:13)[39m
[31m    at Function.<anonymous> (/Users/soham/Desktop/Loqal/backend/node/notification-service/node_modules/express/lib/application.js:227:21)[39m
[31m    at Array.forEach (<anonymous>)[39m
[31m    at Function.use (/Users/soham/Desktop/Loqal/backend/node/notification-service/node_modules/express/lib/application.js:224:7)[39m
[31m    at Object.<anonymous> (/Users/soham/Desktop/Loqal/backend/node/notification-service/src/app.js:35:5)[39m
[31m    at Module._compile (node:internal/modules/cjs/loader:1469:14)[39m
[31m    at Module._extensions..js (node:internal/modules/cjs/loader:1548:10)[39m
[31m    at Module.load (node:internal/modules/cjs/loader:1288:32)[39m
[31m    at Module._load (node:internal/modules/cjs/loader:1104:12)[39m
[31m    at Module.require (node:internal/modules/cjs/loader:1311:19)[39m
2025-07-12 15:43:23:4323 [31merror[39m: [31muncaughtException: Router.use() requires a middleware function but got a Object[39m
[31mTypeError: Router.use() requires a middleware function but got a Object[39m
[31m    at Function.use (/Users/soham/Desktop/Loqal/backend/node/notification-service/node_modules/express/lib/router/index.js:469:13)[39m
[31m    at Function.<anonymous> (/Users/soham/Desktop/Loqal/backend/node/notification-service/node_modules/express/lib/application.js:227:21)[39m
[31m    at Array.forEach (<anonymous>)[39m
[31m    at Function.use (/Users/soham/Desktop/Loqal/backend/node/notification-service/node_modules/express/lib/application.js:224:7)[39m
[31m    at Object.<anonymous> (/Users/soham/Desktop/Loqal/backend/node/notification-service/src/app.js:35:5)[39m
[31m    at Module._compile (node:internal/modules/cjs/loader:1469:14)[39m
[31m    at Module._extensions..js (node:internal/modules/cjs/loader:1548:10)[39m
[31m    at Module.load (node:internal/modules/cjs/loader:1288:32)[39m
[31m    at Module._load (node:internal/modules/cjs/loader:1104:12)[39m
[31m    at Module.require (node:internal/modules/cjs/loader:1311:19)[39m
2025-07-12 15:43:31:4331 [31merror[39m: [31muncaughtException: Router.use() requires a middleware function but got a Object[39m
[31mTypeError: Router.use() requires a middleware function but got a Object[39m
[31m    at Function.use (/Users/soham/Desktop/Loqal/backend/node/notification-service/node_modules/express/lib/router/index.js:469:13)[39m
[31m    at Function.<anonymous> (/Users/soham/Desktop/Loqal/backend/node/notification-service/node_modules/express/lib/application.js:227:21)[39m
[31m    at Array.forEach (<anonymous>)[39m
[31m    at Function.use (/Users/soham/Desktop/Loqal/backend/node/notification-service/node_modules/express/lib/application.js:224:7)[39m
[31m    at Object.<anonymous> (/Users/soham/Desktop/Loqal/backend/node/notification-service/src/app.js:35:5)[39m
[31m    at Module._compile (node:internal/modules/cjs/loader:1469:14)[39m
[31m    at Module._extensions..js (node:internal/modules/cjs/loader:1548:10)[39m
[31m    at Module.load (node:internal/modules/cjs/loader:1288:32)[39m
[31m    at Module._load (node:internal/modules/cjs/loader:1104:12)[39m
[31m    at Module.require (node:internal/modules/cjs/loader:1311:19)[39m
2025-07-12 15:44:45:4445 [31merror[39m: [31muncaughtException: Router.use() requires a middleware function but got a Object[39m
[31mTypeError: Router.use() requires a middleware function but got a Object[39m
[31m    at Function.use (/Users/soham/Desktop/Loqal/backend/node/notification-service/node_modules/express/lib/router/index.js:469:13)[39m
[31m    at Function.<anonymous> (/Users/soham/Desktop/Loqal/backend/node/notification-service/node_modules/express/lib/application.js:227:21)[39m
[31m    at Array.forEach (<anonymous>)[39m
[31m    at Function.use (/Users/soham/Desktop/Loqal/backend/node/notification-service/node_modules/express/lib/application.js:224:7)[39m
[31m    at Object.<anonymous> (/Users/soham/Desktop/Loqal/backend/node/notification-service/src/app.js:35:5)[39m
[31m    at Module._compile (node:internal/modules/cjs/loader:1469:14)[39m
[31m    at Module._extensions..js (node:internal/modules/cjs/loader:1548:10)[39m
[31m    at Module.load (node:internal/modules/cjs/loader:1288:32)[39m
[31m    at Module._load (node:internal/modules/cjs/loader:1104:12)[39m
[31m    at Module.require (node:internal/modules/cjs/loader:1311:19)[39m
2025-07-12 15:44:50:4450 [31merror[39m: [31muncaughtException: Router.use() requires a middleware function but got a Object[39m
[31mTypeError: Router.use() requires a middleware function but got a Object[39m
[31m    at Function.use (/Users/soham/Desktop/Loqal/backend/node/notification-service/node_modules/express/lib/router/index.js:469:13)[39m
[31m    at Function.<anonymous> (/Users/soham/Desktop/Loqal/backend/node/notification-service/node_modules/express/lib/application.js:227:21)[39m
[31m    at Array.forEach (<anonymous>)[39m
[31m    at Function.use (/Users/soham/Desktop/Loqal/backend/node/notification-service/node_modules/express/lib/application.js:224:7)[39m
[31m    at Object.<anonymous> (/Users/soham/Desktop/Loqal/backend/node/notification-service/src/app.js:35:5)[39m
[31m    at Module._compile (node:internal/modules/cjs/loader:1469:14)[39m
[31m    at Module._extensions..js (node:internal/modules/cjs/loader:1548:10)[39m
[31m    at Module.load (node:internal/modules/cjs/loader:1288:32)[39m
[31m    at Module._load (node:internal/modules/cjs/loader:1104:12)[39m
[31m    at Module.require (node:internal/modules/cjs/loader:1311:19)[39m
2025-07-12 15:45:06:456 [31merror[39m: [31muncaughtException: Router.use() requires a middleware function but got a Object[39m
[31mTypeError: Router.use() requires a middleware function but got a Object[39m
[31m    at Function.use (/Users/soham/Desktop/Loqal/backend/node/notification-service/node_modules/express/lib/router/index.js:469:13)[39m
[31m    at Function.<anonymous> (/Users/soham/Desktop/Loqal/backend/node/notification-service/node_modules/express/lib/application.js:227:21)[39m
[31m    at Array.forEach (<anonymous>)[39m
[31m    at Function.use (/Users/soham/Desktop/Loqal/backend/node/notification-service/node_modules/express/lib/application.js:224:7)[39m
[31m    at Object.<anonymous> (/Users/soham/Desktop/Loqal/backend/node/notification-service/src/app.js:35:5)[39m
[31m    at Module._compile (node:internal/modules/cjs/loader:1469:14)[39m
[31m    at Module._extensions..js (node:internal/modules/cjs/loader:1548:10)[39m
[31m    at Module.load (node:internal/modules/cjs/loader:1288:32)[39m
[31m    at Module._load (node:internal/modules/cjs/loader:1104:12)[39m
[31m    at Module.require (node:internal/modules/cjs/loader:1311:19)[39m
2025-07-12 15:45:23:4523 [31merror[39m: [31muncaughtException: Router.use() requires a middleware function but got a Object[39m
[31mTypeError: Router.use() requires a middleware function but got a Object[39m
[31m    at Function.use (/Users/soham/Desktop/Loqal/backend/node/notification-service/node_modules/express/lib/router/index.js:469:13)[39m
[31m    at Function.<anonymous> (/Users/soham/Desktop/Loqal/backend/node/notification-service/node_modules/express/lib/application.js:227:21)[39m
[31m    at Array.forEach (<anonymous>)[39m
[31m    at Function.use (/Users/soham/Desktop/Loqal/backend/node/notification-service/node_modules/express/lib/application.js:224:7)[39m
[31m    at Object.<anonymous> (/Users/soham/Desktop/Loqal/backend/node/notification-service/src/app.js:35:5)[39m
[31m    at Module._compile (node:internal/modules/cjs/loader:1469:14)[39m
[31m    at Module._extensions..js (node:internal/modules/cjs/loader:1548:10)[39m
[31m    at Module.load (node:internal/modules/cjs/loader:1288:32)[39m
[31m    at Module._load (node:internal/modules/cjs/loader:1104:12)[39m
[31m    at Module.require (node:internal/modules/cjs/loader:1311:19)[39m
2025-07-12 15:45:58:4558 [31merror[39m: [31muncaughtException: Router.use() requires a middleware function but got a Object[39m
[31mTypeError: Router.use() requires a middleware function but got a Object[39m
[31m    at Function.use (/Users/soham/Desktop/Loqal/backend/node/notification-service/node_modules/express/lib/router/index.js:469:13)[39m
[31m    at Function.<anonymous> (/Users/soham/Desktop/Loqal/backend/node/notification-service/node_modules/express/lib/application.js:227:21)[39m
[31m    at Array.forEach (<anonymous>)[39m
[31m    at Function.use (/Users/soham/Desktop/Loqal/backend/node/notification-service/node_modules/express/lib/application.js:224:7)[39m
[31m    at Object.<anonymous> (/Users/soham/Desktop/Loqal/backend/node/notification-service/src/app.js:35:5)[39m
[31m    at Module._compile (node:internal/modules/cjs/loader:1469:14)[39m
[31m    at Module._extensions..js (node:internal/modules/cjs/loader:1548:10)[39m
[31m    at Module.load (node:internal/modules/cjs/loader:1288:32)[39m
[31m    at Module._load (node:internal/modules/cjs/loader:1104:12)[39m
[31m    at Module.require (node:internal/modules/cjs/loader:1311:19)[39m
2025-07-12 15:47:09:479 [31merror[39m: [31muncaughtException: Router.use() requires a middleware function but got a Object[39m
[31mTypeError: Router.use() requires a middleware function but got a Object[39m
[31m    at Function.use (/Users/soham/Desktop/Loqal/backend/node/notification-service/node_modules/express/lib/router/index.js:469:13)[39m
[31m    at Function.<anonymous> (/Users/soham/Desktop/Loqal/backend/node/notification-service/node_modules/express/lib/application.js:227:21)[39m
[31m    at Array.forEach (<anonymous>)[39m
[31m    at Function.use (/Users/soham/Desktop/Loqal/backend/node/notification-service/node_modules/express/lib/application.js:224:7)[39m
[31m    at Object.<anonymous> (/Users/soham/Desktop/Loqal/backend/node/notification-service/src/app.js:35:5)[39m
[31m    at Module._compile (node:internal/modules/cjs/loader:1469:14)[39m
[31m    at Module._extensions..js (node:internal/modules/cjs/loader:1548:10)[39m
[31m    at Module.load (node:internal/modules/cjs/loader:1288:32)[39m
[31m    at Module._load (node:internal/modules/cjs/loader:1104:12)[39m
[31m    at Module.require (node:internal/modules/cjs/loader:1311:19)[39m
2025-07-12 15:48:41:4841 [31merror[39m: [31muncaughtException: listen EADDRINUSE: address already in use :::3000[39m
[31mError: listen EADDRINUSE: address already in use :::3000[39m
[31m    at Server.setupListenHandle [as _listen2] (node:net:1904:16)[39m
[31m    at listenInCluster (node:net:1961:12)[39m
[31m    at Server.listen (node:net:2063:7)[39m
[31m    at startServer (/Users/soham/Desktop/Loqal/backend/node/notification-service/index.js:107:12)[39m
[31m    at process.processTicksAndRejections (node:internal/process/task_queues:95:5)[39m
2025-07-12 15:50:02:502 [31merror[39m: [31muncaughtException: listen EADDRINUSE: address already in use :::3000[39m
[31mError: listen EADDRINUSE: address already in use :::3000[39m
[31m    at Server.setupListenHandle [as _listen2] (node:net:1904:16)[39m
[31m    at listenInCluster (node:net:1961:12)[39m
[31m    at Server.listen (node:net:2063:7)[39m
[31m    at startServer (/Users/soham/Desktop/Loqal/backend/node/notification-service/index.js:107:12)[39m
[31m    at process.processTicksAndRejections (node:internal/process/task_queues:95:5)[39m
2025-07-12 15:50:45:5045 [31merror[39m: [31muncaughtException: listen EADDRINUSE: address already in use :::3000[39m
[31mError: listen EADDRINUSE: address already in use :::3000[39m
[31m    at Server.setupListenHandle [as _listen2] (node:net:1904:16)[39m
[31m    at listenInCluster (node:net:1961:12)[39m
[31m    at Server.listen (node:net:2063:7)[39m
[31m    at startServer (/Users/soham/Desktop/Loqal/backend/node/notification-service/index.js:107:12)[39m
[31m    at process.processTicksAndRejections (node:internal/process/task_queues:95:5)[39m
2025-07-12 15:51:47:5147 [31merror[39m: [31muncaughtException: listen EADDRINUSE: address already in use :::3000[39m
[31mError: listen EADDRINUSE: address already in use :::3000[39m
[31m    at Server.setupListenHandle [as _listen2] (node:net:1904:16)[39m
[31m    at listenInCluster (node:net:1961:12)[39m
[31m    at Server.listen (node:net:2063:7)[39m
[31m    at startServer (/Users/soham/Desktop/Loqal/backend/node/notification-service/index.js:107:12)[39m
[31m    at process.processTicksAndRejections (node:internal/process/task_queues:95:5)[39m
2025-07-12 15:51:52:5152 [31merror[39m: [31muncaughtException: listen EADDRINUSE: address already in use :::3000[39m
[31mError: listen EADDRINUSE: address already in use :::3000[39m
[31m    at Server.setupListenHandle [as _listen2] (node:net:1904:16)[39m
[31m    at listenInCluster (node:net:1961:12)[39m
[31m    at Server.listen (node:net:2063:7)[39m
[31m    at startServer (/Users/soham/Desktop/Loqal/backend/node/notification-service/index.js:107:12)[39m
[31m    at process.processTicksAndRejections (node:internal/process/task_queues:95:5)[39m
2025-07-12 15:55:52:5552 [31merror[39m: [31muncaughtException: listen EADDRINUSE: address already in use :::3001[39m
[31mError: listen EADDRINUSE: address already in use :::3001[39m
[31m    at Server.setupListenHandle [as _listen2] (node:net:1904:16)[39m
[31m    at listenInCluster (node:net:1961:12)[39m
[31m    at Server.listen (node:net:2063:7)[39m
[31m    at startServer (/Users/soham/Desktop/Loqal/backend/node/notification-service/index.js:107:12)[39m
[31m    at process.processTicksAndRejections (node:internal/process/task_queues:95:5)[39m
2025-07-12 15:55:56:5556 [31merror[39m: [31muncaughtException: listen EADDRINUSE: address already in use :::3001[39m
[31mError: listen EADDRINUSE: address already in use :::3001[39m
[31m    at Server.setupListenHandle [as _listen2] (node:net:1904:16)[39m
[31m    at listenInCluster (node:net:1961:12)[39m
[31m    at Server.listen (node:net:2063:7)[39m
[31m    at startServer (/Users/soham/Desktop/Loqal/backend/node/notification-service/index.js:107:12)[39m
[31m    at process.processTicksAndRejections (node:internal/process/task_queues:95:5)[39m
2025-07-12 15:55:57:5557 [31merror[39m: [31muncaughtException: listen EADDRINUSE: address already in use :::3001[39m
[31mError: listen EADDRINUSE: address already in use :::3001[39m
[31m    at Server.setupListenHandle [as _listen2] (node:net:1904:16)[39m
[31m    at listenInCluster (node:net:1961:12)[39m
[31m    at Server.listen (node:net:2063:7)[39m
[31m    at startServer (/Users/soham/Desktop/Loqal/backend/node/notification-service/index.js:107:12)[39m
[31m    at process.processTicksAndRejections (node:internal/process/task_queues:95:5)[39m
2025-07-12 15:56:16:5616 [31merror[39m: [31muncaughtException: listen EADDRINUSE: address already in use :::3001[39m
[31mError: listen EADDRINUSE: address already in use :::3001[39m
[31m    at Server.setupListenHandle [as _listen2] (node:net:1904:16)[39m
[31m    at listenInCluster (node:net:1961:12)[39m
[31m    at Server.listen (node:net:2063:7)[39m
[31m    at startServer (/Users/soham/Desktop/Loqal/backend/node/notification-service/index.js:107:12)[39m
[31m    at process.processTicksAndRejections (node:internal/process/task_queues:95:5)[39m
2025-07-12 15:56:21:5621 [31merror[39m: [31muncaughtException: listen EADDRINUSE: address already in use :::3001[39m
[31mError: listen EADDRINUSE: address already in use :::3001[39m
[31m    at Server.setupListenHandle [as _listen2] (node:net:1904:16)[39m
[31m    at listenInCluster (node:net:1961:12)[39m
[31m    at Server.listen (node:net:2063:7)[39m
[31m    at startServer (/Users/soham/Desktop/Loqal/backend/node/notification-service/index.js:107:12)[39m
[31m    at process.processTicksAndRejections (node:internal/process/task_queues:95:5)[39m
2025-07-12 16:00:54:054 [31merror[39m: [31muncaughtException: listen EADDRINUSE: address already in use :::3001[39m
[31mError: listen EADDRINUSE: address already in use :::3001[39m
[31m    at Server.setupListenHandle [as _listen2] (node:net:1904:16)[39m
[31m    at listenInCluster (node:net:1961:12)[39m
[31m    at Server.listen (node:net:2063:7)[39m
[31m    at startServer (/Users/soham/Desktop/Loqal/backend/node/notification-service/index.js:107:12)[39m
[31m    at process.processTicksAndRejections (node:internal/process/task_queues:95:5)[39m
2025-07-12 16:01:01:11 [31merror[39m: [31muncaughtException: listen EADDRINUSE: address already in use :::3001[39m
[31mError: listen EADDRINUSE: address already in use :::3001[39m
[31m    at Server.setupListenHandle [as _listen2] (node:net:1904:16)[39m
[31m    at listenInCluster (node:net:1961:12)[39m
[31m    at Server.listen (node:net:2063:7)[39m
[31m    at startServer (/Users/soham/Desktop/Loqal/backend/node/notification-service/index.js:107:12)[39m
[31m    at process.processTicksAndRejections (node:internal/process/task_queues:95:5)[39m
2025-07-12 16:01:07:17 [31merror[39m: [31muncaughtException: listen EADDRINUSE: address already in use :::3001[39m
[31mError: listen EADDRINUSE: address already in use :::3001[39m
[31m    at Server.setupListenHandle [as _listen2] (node:net:1904:16)[39m
[31m    at listenInCluster (node:net:1961:12)[39m
[31m    at Server.listen (node:net:2063:7)[39m
[31m    at startServer (/Users/soham/Desktop/Loqal/backend/node/notification-service/index.js:107:12)[39m
[31m    at process.processTicksAndRejections (node:internal/process/task_queues:95:5)[39m
2025-07-12 16:02:03:23 [31merror[39m: [31muncaughtException: listen EADDRINUSE: address already in use :::3001[39m
[31mError: listen EADDRINUSE: address already in use :::3001[39m
[31m    at Server.setupListenHandle [as _listen2] (node:net:1904:16)[39m
[31m    at listenInCluster (node:net:1961:12)[39m
[31m    at Server.listen (node:net:2063:7)[39m
[31m    at startServer (/Users/soham/Desktop/Loqal/backend/node/notification-service/index.js:107:12)[39m
[31m    at process.processTicksAndRejections (node:internal/process/task_queues:95:5)[39m
2025-07-12 16:02:29:229 [31merror[39m: [31muncaughtException: listen EADDRINUSE: address already in use :::3001[39m
[31mError: listen EADDRINUSE: address already in use :::3001[39m
[31m    at Server.setupListenHandle [as _listen2] (node:net:1904:16)[39m
[31m    at listenInCluster (node:net:1961:12)[39m
[31m    at Server.listen (node:net:2063:7)[39m
[31m    at startServer (/Users/soham/Desktop/Loqal/backend/node/notification-service/index.js:107:12)[39m
[31m    at process.processTicksAndRejections (node:internal/process/task_queues:95:5)[39m
2025-07-12 16:06:31:631 [31merror[39m: [31muncaughtException: listen EADDRINUSE: address already in use :::3001[39m
[31mError: listen EADDRINUSE: address already in use :::3001[39m
[31m    at Server.setupListenHandle [as _listen2] (node:net:1904:16)[39m
[31m    at listenInCluster (node:net:1961:12)[39m
[31m    at Server.listen (node:net:2063:7)[39m
[31m    at startServer (/Users/soham/Desktop/Loqal/backend/node/notification-service/index.js:107:12)[39m
[31m    at process.processTicksAndRejections (node:internal/process/task_queues:95:5)[39m
2025-07-12 16:06:41:641 [31merror[39m: [31muncaughtException: listen EADDRINUSE: address already in use :::3001[39m
[31mError: listen EADDRINUSE: address already in use :::3001[39m
[31m    at Server.setupListenHandle [as _listen2] (node:net:1904:16)[39m
[31m    at listenInCluster (node:net:1961:12)[39m
[31m    at Server.listen (node:net:2063:7)[39m
[31m    at startServer (/Users/soham/Desktop/Loqal/backend/node/notification-service/index.js:107:12)[39m
[31m    at process.processTicksAndRejections (node:internal/process/task_queues:95:5)[39m
2025-07-12 16:06:45:645 [31merror[39m: [31muncaughtException: listen EADDRINUSE: address already in use :::3001[39m
[31mError: listen EADDRINUSE: address already in use :::3001[39m
[31m    at Server.setupListenHandle [as _listen2] (node:net:1904:16)[39m
[31m    at listenInCluster (node:net:1961:12)[39m
[31m    at Server.listen (node:net:2063:7)[39m
[31m    at startServer (/Users/soham/Desktop/Loqal/backend/node/notification-service/index.js:107:12)[39m
[31m    at process.processTicksAndRejections (node:internal/process/task_queues:95:5)[39m
2025-07-12 16:07:19:719 [31merror[39m: [31muncaughtException: listen EADDRINUSE: address already in use :::3001[39m
[31mError: listen EADDRINUSE: address already in use :::3001[39m
[31m    at Server.setupListenHandle [as _listen2] (node:net:1904:16)[39m
[31m    at listenInCluster (node:net:1961:12)[39m
[31m    at Server.listen (node:net:2063:7)[39m
[31m    at startServer (/Users/soham/Desktop/Loqal/backend/node/notification-service/index.js:107:12)[39m
[31m    at process.processTicksAndRejections (node:internal/process/task_queues:95:5)[39m
2025-07-12 16:07:58:758 [31merror[39m: [31muncaughtException: listen EADDRINUSE: address already in use :::3001[39m
[31mError: listen EADDRINUSE: address already in use :::3001[39m
[31m    at Server.setupListenHandle [as _listen2] (node:net:1904:16)[39m
[31m    at listenInCluster (node:net:1961:12)[39m
[31m    at Server.listen (node:net:2063:7)[39m
[31m    at startServer (/Users/soham/Desktop/Loqal/backend/node/notification-service/index.js:107:12)[39m
[31m    at process.processTicksAndRejections (node:internal/process/task_queues:95:5)[39m
2025-07-12 16:09:50:950 [31merror[39m: [31muncaughtException: listen EADDRINUSE: address already in use :::3001[39m
[31mError: listen EADDRINUSE: address already in use :::3001[39m
[31m    at Server.setupListenHandle [as _listen2] (node:net:1904:16)[39m
[31m    at listenInCluster (node:net:1961:12)[39m
[31m    at Server.listen (node:net:2063:7)[39m
[31m    at startServer (/Users/soham/Desktop/Loqal/backend/node/notification-service/index.js:107:12)[39m
[31m    at process.processTicksAndRejections (node:internal/process/task_queues:95:5)[39m
2025-07-12 16:11:18:1118 [31merror[39m: [31muncaughtException: listen EADDRINUSE: address already in use :::3001[39m
[31mError: listen EADDRINUSE: address already in use :::3001[39m
[31m    at Server.setupListenHandle [as _listen2] (node:net:1904:16)[39m
[31m    at listenInCluster (node:net:1961:12)[39m
[31m    at Server.listen (node:net:2063:7)[39m
[31m    at startServer (/Users/soham/Desktop/Loqal/backend/node/notification-service/index.js:107:12)[39m
[31m    at process.processTicksAndRejections (node:internal/process/task_queues:95:5)[39m
2025-07-12 16:13:11:1311 [31merror[39m: [31muncaughtException: listen EADDRINUSE: address already in use :::3001[39m
[31mError: listen EADDRINUSE: address already in use :::3001[39m
[31m    at Server.setupListenHandle [as _listen2] (node:net:1904:16)[39m
[31m    at listenInCluster (node:net:1961:12)[39m
[31m    at Server.listen (node:net:2063:7)[39m
[31m    at startServer (/Users/soham/Desktop/Loqal/backend/node/notification-service/index.js:107:12)[39m
[31m    at process.processTicksAndRejections (node:internal/process/task_queues:95:5)[39m
2025-07-12 16:13:18:1318 [31merror[39m: [31muncaughtException: listen EADDRINUSE: address already in use :::3001[39m
[31mError: listen EADDRINUSE: address already in use :::3001[39m
[31m    at Server.setupListenHandle [as _listen2] (node:net:1904:16)[39m
[31m    at listenInCluster (node:net:1961:12)[39m
[31m    at Server.listen (node:net:2063:7)[39m
[31m    at startServer (/Users/soham/Desktop/Loqal/backend/node/notification-service/index.js:107:12)[39m
[31m    at process.processTicksAndRejections (node:internal/process/task_queues:95:5)[39m
2025-07-12 16:13:21:1321 [31merror[39m: [31muncaughtException: listen EADDRINUSE: address already in use :::3001[39m
[31mError: listen EADDRINUSE: address already in use :::3001[39m
[31m    at Server.setupListenHandle [as _listen2] (node:net:1904:16)[39m
[31m    at listenInCluster (node:net:1961:12)[39m
[31m    at Server.listen (node:net:2063:7)[39m
[31m    at startServer (/Users/soham/Desktop/Loqal/backend/node/notification-service/index.js:107:12)[39m
[31m    at process.processTicksAndRejections (node:internal/process/task_queues:95:5)[39m
2025-07-12 16:13:59:1359 [31merror[39m: [31muncaughtException: listen EADDRINUSE: address already in use :::3001[39m
[31mError: listen EADDRINUSE: address already in use :::3001[39m
[31m    at Server.setupListenHandle [as _listen2] (node:net:1904:16)[39m
[31m    at listenInCluster (node:net:1961:12)[39m
[31m    at Server.listen (node:net:2063:7)[39m
[31m    at startServer (/Users/soham/Desktop/Loqal/backend/node/notification-service/index.js:107:12)[39m
[31m    at process.processTicksAndRejections (node:internal/process/task_queues:95:5)[39m
2025-07-12 16:21:25:2125 [31merror[39m: [31muncaughtException: listen EADDRINUSE: address already in use :::3001[39m
[31mError: listen EADDRINUSE: address already in use :::3001[39m
[31m    at Server.setupListenHandle [as _listen2] (node:net:1904:16)[39m
[31m    at listenInCluster (node:net:1961:12)[39m
[31m    at Server.listen (node:net:2063:7)[39m
[31m    at startServer (/Users/soham/Desktop/Loqal/backend/node/notification-service/index.js:107:12)[39m
[31m    at process.processTicksAndRejections (node:internal/process/task_queues:95:5)[39m
2025-07-12 16:23:11:2311 [31merror[39m: [31muncaughtException: listen EADDRINUSE: address already in use :::3001[39m
[31mError: listen EADDRINUSE: address already in use :::3001[39m
[31m    at Server.setupListenHandle [as _listen2] (node:net:1904:16)[39m
[31m    at listenInCluster (node:net:1961:12)[39m
[31m    at Server.listen (node:net:2063:7)[39m
[31m    at startServer (/Users/soham/Desktop/Loqal/backend/node/notification-service/index.js:107:12)[39m
[31m    at process.processTicksAndRejections (node:internal/process/task_queues:95:5)[39m
2025-07-12 16:23:27:2327 [31merror[39m: [31muncaughtException: listen EADDRINUSE: address already in use :::3001[39m
[31mError: listen EADDRINUSE: address already in use :::3001[39m
[31m    at Server.setupListenHandle [as _listen2] (node:net:1904:16)[39m
[31m    at listenInCluster (node:net:1961:12)[39m
[31m    at Server.listen (node:net:2063:7)[39m
[31m    at startServer (/Users/soham/Desktop/Loqal/backend/node/notification-service/index.js:107:12)[39m
[31m    at process.processTicksAndRejections (node:internal/process/task_queues:95:5)[39m
2025-07-12 16:23:35:2335 [31merror[39m: [31muncaughtException: listen EADDRINUSE: address already in use :::3001[39m
[31mError: listen EADDRINUSE: address already in use :::3001[39m
[31m    at Server.setupListenHandle [as _listen2] (node:net:1904:16)[39m
[31m    at listenInCluster (node:net:1961:12)[39m
[31m    at Server.listen (node:net:2063:7)[39m
[31m    at startServer (/Users/soham/Desktop/Loqal/backend/node/notification-service/index.js:107:12)[39m
[31m    at process.processTicksAndRejections (node:internal/process/task_queues:95:5)[39m
2025-07-12 16:25:15:2515 [31merror[39m: [31muncaughtException: listen EADDRINUSE: address already in use :::3001[39m
[31mError: listen EADDRINUSE: address already in use :::3001[39m
[31m    at Server.setupListenHandle [as _listen2] (node:net:1904:16)[39m
[31m    at listenInCluster (node:net:1961:12)[39m
[31m    at Server.listen (node:net:2063:7)[39m
[31m    at startServer (/Users/soham/Desktop/Loqal/backend/node/notification-service/index.js:107:12)[39m
[31m    at process.processTicksAndRejections (node:internal/process/task_queues:95:5)[39m
2025-07-12 16:25:40:2540 [31merror[39m: [31muncaughtException: listen EADDRINUSE: address already in use :::3001[39m
[31mError: listen EADDRINUSE: address already in use :::3001[39m
[31m    at Server.setupListenHandle [as _listen2] (node:net:1904:16)[39m
[31m    at listenInCluster (node:net:1961:12)[39m
[31m    at Server.listen (node:net:2063:7)[39m
[31m    at startServer (/Users/soham/Desktop/Loqal/backend/node/notification-service/index.js:107:12)[39m
[31m    at process.processTicksAndRejections (node:internal/process/task_queues:95:5)[39m
2025-07-12 16:25:51:2551 [31merror[39m: [31muncaughtException: listen EADDRINUSE: address already in use :::3001[39m
[31mError: listen EADDRINUSE: address already in use :::3001[39m
[31m    at Server.setupListenHandle [as _listen2] (node:net:1904:16)[39m
[31m    at listenInCluster (node:net:1961:12)[39m
[31m    at Server.listen (node:net:2063:7)[39m
[31m    at startServer (/Users/soham/Desktop/Loqal/backend/node/notification-service/index.js:107:12)[39m
[31m    at process.processTicksAndRejections (node:internal/process/task_queues:95:5)[39m
2025-07-12 16:25:59:2559 [31merror[39m: [31muncaughtException: listen EADDRINUSE: address already in use :::3001[39m
[31mError: listen EADDRINUSE: address already in use :::3001[39m
[31m    at Server.setupListenHandle [as _listen2] (node:net:1904:16)[39m
[31m    at listenInCluster (node:net:1961:12)[39m
[31m    at Server.listen (node:net:2063:7)[39m
[31m    at startServer (/Users/soham/Desktop/Loqal/backend/node/notification-service/index.js:107:12)[39m
[31m    at process.processTicksAndRejections (node:internal/process/task_queues:95:5)[39m
2025-07-12 16:26:05:265 [31merror[39m: [31muncaughtException: listen EADDRINUSE: address already in use :::3001[39m
[31mError: listen EADDRINUSE: address already in use :::3001[39m
[31m    at Server.setupListenHandle [as _listen2] (node:net:1904:16)[39m
[31m    at listenInCluster (node:net:1961:12)[39m
[31m    at Server.listen (node:net:2063:7)[39m
[31m    at startServer (/Users/soham/Desktop/Loqal/backend/node/notification-service/index.js:107:12)[39m
[31m    at process.processTicksAndRejections (node:internal/process/task_queues:95:5)[39m
2025-07-12 16:26:11:2611 [31merror[39m: [31muncaughtException: listen EADDRINUSE: address already in use :::3001[39m
[31mError: listen EADDRINUSE: address already in use :::3001[39m
[31m    at Server.setupListenHandle [as _listen2] (node:net:1904:16)[39m
[31m    at listenInCluster (node:net:1961:12)[39m
[31m    at Server.listen (node:net:2063:7)[39m
[31m    at startServer (/Users/soham/Desktop/Loqal/backend/node/notification-service/index.js:107:12)[39m
[31m    at process.processTicksAndRejections (node:internal/process/task_queues:95:5)[39m
2025-07-12 16:30:29:3029 [31merror[39m: [31muncaughtException: Worker requires a connection[39m
[31mError: Worker requires a connection[39m
[31m    at new Worker (/Users/soham/Desktop/Loqal/backend/node/notification-service/node_modules/bullmq/dist/cjs/classes/worker.js:46:19)[39m
[31m    at Object.<anonymous> (/Users/soham/Desktop/Loqal/backend/node/notification-service/src/queues/emailWorker.js:19:21)[39m
[31m    at Module._compile (node:internal/modules/cjs/loader:1469:14)[39m
[31m    at Module._extensions..js (node:internal/modules/cjs/loader:1548:10)[39m
[31m    at Module.load (node:internal/modules/cjs/loader:1288:32)[39m
[31m    at Module._load (node:internal/modules/cjs/loader:1104:12)[39m
[31m    at Module.require (node:internal/modules/cjs/loader:1311:19)[39m
[31m    at require (node:internal/modules/helpers:179:18)[39m
[31m    at Object.<anonymous> (/Users/soham/Desktop/Loqal/backend/node/notification-service/index.js:72:35)[39m
[31m    at Module._compile (node:internal/modules/cjs/loader:1469:14)[39m
2025-07-12 16:30:35:3035 [31merror[39m: [31muncaughtException: Worker requires a connection[39m
[31mError: Worker requires a connection[39m
[31m    at new Worker (/Users/soham/Desktop/Loqal/backend/node/notification-service/node_modules/bullmq/dist/cjs/classes/worker.js:46:19)[39m
[31m    at Object.<anonymous> (/Users/soham/Desktop/Loqal/backend/node/notification-service/src/queues/emailWorker.js:19:21)[39m
[31m    at Module._compile (node:internal/modules/cjs/loader:1469:14)[39m
[31m    at Module._extensions..js (node:internal/modules/cjs/loader:1548:10)[39m
[31m    at Module.load (node:internal/modules/cjs/loader:1288:32)[39m
[31m    at Module._load (node:internal/modules/cjs/loader:1104:12)[39m
[31m    at Module.require (node:internal/modules/cjs/loader:1311:19)[39m
[31m    at require (node:internal/modules/helpers:179:18)[39m
[31m    at Object.<anonymous> (/Users/soham/Desktop/Loqal/backend/node/notification-service/index.js:72:35)[39m
[31m    at Module._compile (node:internal/modules/cjs/loader:1469:14)[39m
2025-07-12 16:30:42:3042 [31merror[39m: [31muncaughtException: Worker requires a connection[39m
[31mError: Worker requires a connection[39m
[31m    at new Worker (/Users/soham/Desktop/Loqal/backend/node/notification-service/node_modules/bullmq/dist/cjs/classes/worker.js:46:19)[39m
[31m    at Object.<anonymous> (/Users/soham/Desktop/Loqal/backend/node/notification-service/src/queues/emailWorker.js:34:21)[39m
[31m    at Module._compile (node:internal/modules/cjs/loader:1469:14)[39m
[31m    at Module._extensions..js (node:internal/modules/cjs/loader:1548:10)[39m
[31m    at Module.load (node:internal/modules/cjs/loader:1288:32)[39m
[31m    at Module._load (node:internal/modules/cjs/loader:1104:12)[39m
[31m    at Module.require (node:internal/modules/cjs/loader:1311:19)[39m
[31m    at require (node:internal/modules/helpers:179:18)[39m
[31m    at Object.<anonymous> (/Users/soham/Desktop/Loqal/backend/node/notification-service/index.js:72:35)[39m
[31m    at Module._compile (node:internal/modules/cjs/loader:1469:14)[39m
2025-07-12 16:31:22:3122 [31merror[39m: [31muncaughtException: Worker requires a connection[39m
[31mError: Worker requires a connection[39m
[31m    at new Worker (/Users/soham/Desktop/Loqal/backend/node/notification-service/node_modules/bullmq/dist/cjs/classes/worker.js:46:19)[39m
[31m    at Object.<anonymous> (/Users/soham/Desktop/Loqal/backend/node/notification-service/src/queues/emailWorker.js:34:21)[39m
[31m    at Module._compile (node:internal/modules/cjs/loader:1469:14)[39m
[31m    at Module._extensions..js (node:internal/modules/cjs/loader:1548:10)[39m
[31m    at Module.load (node:internal/modules/cjs/loader:1288:32)[39m
[31m    at Module._load (node:internal/modules/cjs/loader:1104:12)[39m
[31m    at Module.require (node:internal/modules/cjs/loader:1311:19)[39m
[31m    at require (node:internal/modules/helpers:179:18)[39m
[31m    at Object.<anonymous> (/Users/soham/Desktop/Loqal/backend/node/notification-service/index.js:72:35)[39m
[31m    at Module._compile (node:internal/modules/cjs/loader:1469:14)[39m
2025-07-12 16:32:25:3225 [31merror[39m: [31muncaughtException: Worker requires a connection[39m
[31mError: Worker requires a connection[39m
[31m    at new Worker (/Users/soham/Desktop/Loqal/backend/node/notification-service/node_modules/bullmq/dist/cjs/classes/worker.js:46:19)[39m
[31m    at Object.<anonymous> (/Users/soham/Desktop/Loqal/backend/node/notification-service/src/queues/emailWorker.js:34:21)[39m
[31m    at Module._compile (node:internal/modules/cjs/loader:1469:14)[39m
[31m    at Module._extensions..js (node:internal/modules/cjs/loader:1548:10)[39m
[31m    at Module.load (node:internal/modules/cjs/loader:1288:32)[39m
[31m    at Module._load (node:internal/modules/cjs/loader:1104:12)[39m
[31m    at Module.require (node:internal/modules/cjs/loader:1311:19)[39m
[31m    at require (node:internal/modules/helpers:179:18)[39m
[31m    at Object.<anonymous> (/Users/soham/Desktop/Loqal/backend/node/notification-service/index.js:72:35)[39m
[31m    at Module._compile (node:internal/modules/cjs/loader:1469:14)[39m
2025-07-12 16:33:27:3327 [31merror[39m: [31muncaughtException: Worker requires a connection[39m
[31mError: Worker requires a connection[39m
[31m    at new Worker (/Users/soham/Desktop/Loqal/backend/node/notification-service/node_modules/bullmq/dist/cjs/classes/worker.js:46:19)[39m
[31m    at Object.<anonymous> (/Users/soham/Desktop/Loqal/backend/node/notification-service/src/queues/emailWorker.js:34:21)[39m
[31m    at Module._compile (node:internal/modules/cjs/loader:1469:14)[39m
[31m    at Module._extensions..js (node:internal/modules/cjs/loader:1548:10)[39m
[31m    at Module.load (node:internal/modules/cjs/loader:1288:32)[39m
[31m    at Module._load (node:internal/modules/cjs/loader:1104:12)[39m
[31m    at Module.require (node:internal/modules/cjs/loader:1311:19)[39m
[31m    at require (node:internal/modules/helpers:179:18)[39m
[31m    at Object.<anonymous> (/Users/soham/Desktop/Loqal/backend/node/notification-service/index.js:72:35)[39m
[31m    at Module._compile (node:internal/modules/cjs/loader:1469:14)[39m
2025-07-12 16:34:12:3412 [31merror[39m: [31muncaughtException: await is only valid in async functions and the top level bodies of modules[39m
[31m/Users/soham/Desktop/Loqal/backend/node/notification-service/src/queues/emailWorker.js:122[39m
[31m    const result = await emailProvider.sendEmail({[39m
[31m                   ^^^^^[39m

[31mSyntaxError: await is only valid in async functions and the top level bodies of modules[39m
[31m    at wrapSafe (node:internal/modules/cjs/loader:1378:20)[39m
[31m    at Module._compile (node:internal/modules/cjs/loader:1428:41)[39m
[31m    at Module._extensions..js (node:internal/modules/cjs/loader:1548:10)[39m
[31m    at Module.load (node:internal/modules/cjs/loader:1288:32)[39m
[31m    at Module._load (node:internal/modules/cjs/loader:1104:12)[39m
[31m    at Module.require (node:internal/modules/cjs/loader:1311:19)[39m
[31m    at require (node:internal/modules/helpers:179:18)[39m
[31m    at Object.<anonymous> (/Users/soham/Desktop/Loqal/backend/node/notification-service/index.js:72:35)[39m
[31m    at Module._compile (node:internal/modules/cjs/loader:1469:14)[39m
[31m    at Module._extensions..js (node:internal/modules/cjs/loader:1548:10)[39m
2025-07-12 16:35:01:351 [31merror[39m: [31muncaughtException: listen EADDRINUSE: address already in use :::3001[39m
[31mError: listen EADDRINUSE: address already in use :::3001[39m
[31m    at Server.setupListenHandle [as _listen2] (node:net:1904:16)[39m
[31m    at listenInCluster (node:net:1961:12)[39m
[31m    at Server.listen (node:net:2063:7)[39m
[31m    at startServer (/Users/soham/Desktop/Loqal/backend/node/notification-service/index.js:113:12)[39m
[31m    at process.processTicksAndRejections (node:internal/process/task_queues:95:5)[39m
2025-07-12 16:39:38:3938 [31merror[39m: [31muncaughtException: listen EADDRINUSE: address already in use :::3002[39m
[31mError: listen EADDRINUSE: address already in use :::3002[39m
[31m    at Server.setupListenHandle [as _listen2] (node:net:1904:16)[39m
[31m    at listenInCluster (node:net:1961:12)[39m
[31m    at Server.listen (node:net:2063:7)[39m
[31m    at startServer (/Users/soham/Desktop/Loqal/backend/node/notification-service/index.js:113:12)[39m
[31m    at process.processTicksAndRejections (node:internal/process/task_queues:95:5)[39m
2025-07-12 16:43:00:430 [31merror[39m: [31muncaughtException: listen EADDRINUSE: address already in use :::3002[39m
[31mError: listen EADDRINUSE: address already in use :::3002[39m
[31m    at Server.setupListenHandle [as _listen2] (node:net:1904:16)[39m
[31m    at listenInCluster (node:net:1961:12)[39m
[31m    at Server.listen (node:net:2063:7)[39m
[31m    at startServer (/Users/soham/Desktop/Loqal/backend/node/notification-service/index.js:113:12)[39m
[31m    at process.processTicksAndRejections (node:internal/process/task_queues:95:5)[39m
2025-07-12 16:52:11:5211 [31merror[39m: [31muncaughtException: Missing API key. Pass it to the constructor `new Resend("re_123")`[39m
[31mError: Missing API key. Pass it to the constructor `new Resend("re_123")`[39m
[31m    at new Resend (/Users/soham/Desktop/Loqal/backend/node/notification-service/node_modules/resend/dist/index.js:339:15)[39m
[31m    at Object.<anonymous> (/Users/soham/Desktop/Loqal/backend/node/notification-service/src/providers/emailProvider.js:4:16)[39m
[31m    at Module._compile (node:internal/modules/cjs/loader:1469:14)[39m
[31m    at Module._extensions..js (node:internal/modules/cjs/loader:1548:10)[39m
[31m    at Module.load (node:internal/modules/cjs/loader:1288:32)[39m
[31m    at Module._load (node:internal/modules/cjs/loader:1104:12)[39m
[31m    at Module.require (node:internal/modules/cjs/loader:1311:19)[39m
[31m    at require (node:internal/modules/helpers:179:18)[39m
[31m    at Object.<anonymous> (/Users/soham/Desktop/Loqal/backend/node/notification-service/src/queues/emailWorker.js:3:23)[39m
[31m    at Module._compile (node:internal/modules/cjs/loader:1469:14)[39m
